// Jest Snapshot v1, https://goo.gl/fbAQLP

exports[`Получение данных по id 1`] = `
Object {
  "genre": "novel",
  "name": "The Great Gatsby",
  "year": 1925,
}
`;
